accept: Interrupted system call
accept: Interrupted system call
=== HYBRID PIPELINE-EASGD SYSTEM ===
Version: 2.0
Architecture: Pipeline Parallelism + EASGD
Dataset: MNIST (60,000 training + 10,000 test)
Network: 784 → 512 → 10 (2-stage pipeline)
Network Environment: local
=====================================

[MAIN] Launching component: stage2
[STAGE2-1] Launching worker with parameters:
  Alpha2 (elastic rate): 0.300
  Expected connections: Stage1-1, Stage1-2, Coordinator
  Processing mode: Multiplexed pipeline

[EASGD] LOCAL parameters: α₁=0.2, α₂=0.3, β=0.5
[STAGE2-1] Starting hybrid Stage2 worker with α₂=0.300
[STAGE2-1] Created worker with α₂=0.300
[STAGE2-1] Waiting for connections from Stage1 workers...

[MAIN] Received signal 2, initiating graceful shutdown...

[MAIN] Received signal 15, initiating graceful shutdown...
[STAGE2-1] Failed to accept Stage1 connections
